// DecodeMethodEmptyErrorResponseBodyResponse returns a decoder for responses
// returned by the ServiceEmptyErrorResponseBody MethodEmptyErrorResponseBody
// endpoint. restoreBody controls whether the response body should be restored
// after having been read.
// DecodeMethodEmptyErrorResponseBodyResponse may return the following errors:
//   - "internal_error" (type *loom.ServiceError): http.StatusInternalServerError
//   - "not_found" (type serviceemptyerrorresponsebody.NotFound): http.StatusNotFound
//   - error: internal error
func DecodeMethodEmptyErrorResponseBodyResponse(decoder func(*http.Response) loomhttp.Decoder, restoreBody bool) func(*http.Response) (any, error) {
	return func(resp *http.Response) (any, error) {
		if restoreBody {
			b, err := io.ReadAll(resp.Body)
			if err != nil {
				return nil, err
			}
			resp.Body = io.NopCloser(bytes.NewBuffer(b))
			defer func() {
				resp.Body = io.NopCloser(bytes.NewBuffer(b))
			}()
		} else {
			defer resp.Body.Close()
		}
		switch resp.StatusCode {
		case http.StatusOK:
			return nil, nil
		case http.StatusInternalServerError:
			var (
				code      string
				type_     string
				title     string
				status    int
				detail    string
				instance  string
				retryHint *string
				err       error
			)
			codeRaw := resp.Header.Get("Error-Code")
			if codeRaw == "" {
				err = loom.MergeErrors(err, loom.MissingFieldError("code", "header"))
			}
			code = codeRaw
			type_Raw := resp.Header.Get("Loom-Attribute-Type")
			if type_Raw == "" {
				err = loom.MergeErrors(err, loom.MissingFieldError("type", "header"))
			}
			type_ = type_Raw
			titleRaw := resp.Header.Get("Loom-Attribute-Title")
			if titleRaw == "" {
				err = loom.MergeErrors(err, loom.MissingFieldError("title", "header"))
			}
			title = titleRaw
			{
				statusRaw := resp.Header.Get("Loom-Attribute-Status")
				if statusRaw == "" {
					return nil, loomhttp.ErrValidationError("ServiceEmptyErrorResponseBody", "MethodEmptyErrorResponseBody", loom.MissingFieldError("status", "header"))
				}
				v, err2 := strconv.ParseInt(statusRaw, 10, strconv.IntSize)
				if err2 != nil {
					err = loom.MergeErrors(err, loom.InvalidFieldTypeError("status", statusRaw, "integer"))
				}
				status = int(v)
			}
			detailRaw := resp.Header.Get("Loom-Attribute-Detail")
			if detailRaw == "" {
				err = loom.MergeErrors(err, loom.MissingFieldError("detail", "header"))
			}
			detail = detailRaw
			instanceRaw := resp.Header.Get("Loom-Attribute-Instance")
			if instanceRaw == "" {
				err = loom.MergeErrors(err, loom.MissingFieldError("instance", "header"))
			}
			instance = instanceRaw
			retryHintRaw := resp.Header.Get("Loom-Attribute-Retry_hint")
			if retryHintRaw != "" {
				retryHint = &retryHintRaw
			}
			if err != nil {
				return nil, loomhttp.ErrValidationError("ServiceEmptyErrorResponseBody", "MethodEmptyErrorResponseBody", err)
			}
			return nil, NewMethodEmptyErrorResponseBodyInternalError(code, type_, title, status, detail, instance, retryHint)
		case http.StatusNotFound:
			var (
				inHeader string
				err      error
			)
			inHeaderRaw := resp.Header.Get("In-Header")
			if inHeaderRaw == "" {
				err = loom.MergeErrors(err, loom.MissingFieldError("in-header", "header"))
			}
			inHeader = inHeaderRaw
			if err != nil {
				return nil, loomhttp.ErrValidationError("ServiceEmptyErrorResponseBody", "MethodEmptyErrorResponseBody", err)
			}
			return nil, NewMethodEmptyErrorResponseBodyNotFound(inHeader)
		default:
			body, _ := io.ReadAll(resp.Body)
			return nil, loomhttp.ErrInvalidResponse("ServiceEmptyErrorResponseBody", "MethodEmptyErrorResponseBody", resp.StatusCode, string(body))
		}
	}
}
