// EncodeMethodFormBodyObjectRequest returns an encoder for requests sent to
// the ServiceFormBodyObject MethodFormBodyObject server.
func EncodeMethodFormBodyObjectRequest(encoder func(*http.Request) loomhttp.Encoder) func(*http.Request, any) error {
	return func(req *http.Request, v any) error {
		p, ok := v.(*serviceformbodyobject.MethodFormBodyObjectPayload)
		if !ok {
			return loomhttp.ErrInvalidType("ServiceFormBodyObject", "MethodFormBodyObject", "*serviceformbodyobject.MethodFormBodyObjectPayload", v)
		}
		body := NewMethodFormBodyObjectRequestBody(p)
		if err := loomhttp.SetFormRequest(req, &body); err != nil {
			return loomhttp.ErrEncodingError("ServiceFormBodyObject", "MethodFormBodyObject", err)
		}
		return nil
	}
}
