// EncodeMethodQueryArrayBoolRequest returns an encoder for requests sent to
// the ServiceQueryArrayBool MethodQueryArrayBool server.
func EncodeMethodQueryArrayBoolRequest(encoder func(*http.Request) loomhttp.Encoder) func(*http.Request, any) error {
	return func(req *http.Request, v any) error {
		p, ok := v.(*servicequeryarraybool.MethodQueryArrayBoolPayload)
		if !ok {
			return loomhttp.ErrInvalidType("ServiceQueryArrayBool", "MethodQueryArrayBool", "*servicequeryarraybool.MethodQueryArrayBoolPayload", v)
		}
		values := req.URL.Query()
		for _, value := range p.Q {
			valueStr := strconv.FormatBool(value)
			values.Add("q", valueStr)
		}
		req.URL.RawQuery = values.Encode()
		return nil
	}
}
