// EncodeMethodFormBodyObjectOptionalRequest returns an encoder for requests
// sent to the ServiceFormBodyObjectOptional MethodFormBodyObjectOptional
// server.
func EncodeMethodFormBodyObjectOptionalRequest(encoder func(*http.Request) loomhttp.Encoder) func(*http.Request, any) error {
	return func(req *http.Request, v any) error {
		p, ok := v.(*serviceformbodyobjectoptional.MethodFormBodyObjectOptionalPayload)
		if !ok {
			return loomhttp.ErrInvalidType("ServiceFormBodyObjectOptional", "MethodFormBodyObjectOptional", "*serviceformbodyobjectoptional.MethodFormBodyObjectOptionalPayload", v)
		}
		body := NewMethodFormBodyObjectOptionalRequestBody(p)
		if err := loomhttp.SetFormRequest(req, &body); err != nil {
			return loomhttp.ErrEncodingError("ServiceFormBodyObjectOptional", "MethodFormBodyObjectOptional", err)
		}
		return nil
	}
}
