func doHTTP(scheme, host string, timeout int, debug bool) (loom.Endpoint, any, error) {
	var (
		doer loomhttp.Doer
	)
	{
		doer = &http.Client{Timeout: time.Duration(timeout) * time.Second}
		if debug {
			doer = loomhttp.NewDebugDoer(doer)
		}
	}

	return cli.ParseEndpoint(
		scheme,
		host,
		doer,
		loomhttp.RequestEncoder,
		loomhttp.ResponseDecoder,
		debug,
	)
}

func httpUsageCommands() []string {
	return cli.UsageCommands()
}

func httpUsageExamples() string {
	return cli.UsageExamples()
}
