// BuildMethodHeaderCustomTextUnmarshalerOptionalValidatePayload builds the
// payload for the ServiceHeaderCustomTextUnmarshalerOptionalValidate
// MethodHeaderCustomTextUnmarshalerOptionalValidate endpoint from CLI flags.
func BuildMethodHeaderCustomTextUnmarshalerOptionalValidatePayload(serviceHeaderCustomTextUnmarshalerOptionalValidateMethodHeaderCustomTextUnmarshalerOptionalValidateID string) (*serviceheadercustomtextunmarshaleroptionalvalidate.MethodHeaderCustomTextUnmarshalerOptionalValidatePayload, error) {
	var err error
	var id *uuid.UUID
	{
		idRaw := serviceHeaderCustomTextUnmarshalerOptionalValidateMethodHeaderCustomTextUnmarshalerOptionalValidateID
		if idRaw != "" {
			var idVal uuid.UUID
			if err := idVal.UnmarshalText([]byte(idRaw)); err != nil {
				var zero *serviceheadercustomtextunmarshaleroptionalvalidate.MethodHeaderCustomTextUnmarshalerOptionalValidatePayload
				return zero, fmt.Errorf("invalid value for id: %w", err)
			}
			if utf8.RuneCountInString(idRaw) < 1 {
				err = loom.MergeErrors(err, loom.InvalidLengthError("id", idRaw, utf8.RuneCountInString(idRaw), 1, true))
			}
			if err != nil {
				var zero *serviceheadercustomtextunmarshaleroptionalvalidate.MethodHeaderCustomTextUnmarshalerOptionalValidatePayload
				return zero, err
			}
			id = &idVal
		}
	}
	v := &serviceheadercustomtextunmarshaleroptionalvalidate.MethodHeaderCustomTextUnmarshalerOptionalValidatePayload{}
	v.ID = id

	return v, nil
}
