// EncodeMethodQueryAnyRequest returns an encoder for requests sent to the
// ServiceQueryAny MethodQueryAny server.
func EncodeMethodQueryAnyRequest(encoder func(*http.Request) loomhttp.Encoder) func(*http.Request, any) error {
	return func(req *http.Request, v any) error {
		p, ok := v.(*servicequeryany.MethodQueryAnyPayload)
		if !ok {
			return loomhttp.ErrInvalidType("ServiceQueryAny", "MethodQueryAny", "*servicequeryany.MethodQueryAnyPayload", v)
		}
		values := req.URL.Query()
		values.Add("q", loom.JSONValueString(p.Q))
		req.URL.RawQuery = values.Encode()
		return nil
	}
}
