// NewMethodBodyObjectOptionalOriginRequestPayload builds a
// ServiceBodyObjectOptionalOriginRequest service
// MethodBodyObjectOptionalOriginRequest endpoint payload.
func NewMethodBodyObjectOptionalOriginRequestPayload(body *MethodBodyObjectOptionalOriginRequestRequestBody) *servicebodyobjectoptionaloriginrequest.MethodBodyObjectOptionalOriginRequestPayload {
	v := &servicebodyobjectoptionaloriginrequest.LinkStart{}
	if actual, ok := body.Continue.Value(); ok {
		vContinueValue := actual

		v.Continue = &vContinueValue
	}
	res := &servicebodyobjectoptionaloriginrequest.MethodBodyObjectOptionalOriginRequestPayload{
		Body: v,
	}

	return res
}
