import "regexp"

// DecodeMethodBodyQueryPathUserValidateRequest returns a decoder for requests
// sent to the ServiceBodyQueryPathUserValidate MethodBodyQueryPathUserValidate
// endpoint.
func DecodeMethodBodyQueryPathUserValidateRequest(mux loomhttp.Muxer, decoder func(*http.Request) loomhttp.Decoder) func(*http.Request) (*servicebodyquerypathuservalidate.PayloadType, error) {
	return func(r *http.Request) (*servicebodyquerypathuservalidate.PayloadType, error) {
		var payload *servicebodyquerypathuservalidate.PayloadType
		var (
			body MethodBodyQueryPathUserValidateRequestBody
			err  error
		)
		err = decoder(r).Decode(&body)
		if err != nil {
			if errors.Is(err, io.EOF) {
				return payload, loom.MissingPayloadError()
			}
			var gerr *loom.ServiceError
			if errors.As(err, &gerr) {
				return payload, gerr
			}
			return payload, loom.DecodePayloadError(loomhttp.SafeDecodePayloadMessage(err))
		}
		err = ValidateMethodBodyQueryPathUserValidateRequestBody(&body)
		if err != nil {
			return payload, err
		}

		var (
			c2 string
			b  string

			params = mux.Vars(r)
		)
		c2 = params["c"]
		err = loom.MergeErrors(err, loom.ValidatePatternCompiled("c", c2, loomPatternTest0))
		qp, queryErr := url.ParseQuery(r.URL.RawQuery)
		if queryErr != nil {
			return payload, loom.DecodePayloadError("invalid query string")
		}
		b = qp.Get("b")
		if b == "" {
			err = loom.MergeErrors(err, loom.MissingFieldError("b", "query string"))
		}
		err = loom.MergeErrors(err, loom.ValidatePatternCompiled("b", b, loomPatternTest1))
		if err != nil {
			return payload, err
		}
		payload = NewMethodBodyQueryPathUserValidatePayloadType(&body, c2, b)

		return payload, nil
	}
}

var (
	loomPatternTest0 = regexp.MustCompile("patternc")
	loomPatternTest1 = regexp.MustCompile("patternb")
)
