import "regexp"

// DecodeMethodBodyPrimitiveArrayUserValidateRequest returns a decoder for
// requests sent to the ServiceBodyPrimitiveArrayUserValidate
// MethodBodyPrimitiveArrayUserValidate endpoint.
func DecodeMethodBodyPrimitiveArrayUserValidateRequest(mux loomhttp.Muxer, decoder func(*http.Request) loomhttp.Decoder) func(*http.Request) (*servicebodyprimitivearrayuservalidate.PayloadType, error) {
	return func(r *http.Request) (*servicebodyprimitivearrayuservalidate.PayloadType, error) {
		var payload *servicebodyprimitivearrayuservalidate.PayloadType
		var (
			body []loom.Nullable[string]
			err  error
		)
		err = decoder(r).Decode(&body)
		if err != nil {
			if errors.Is(err, io.EOF) {
				return payload, loom.MissingPayloadError()
			}
			var gerr *loom.ServiceError
			if errors.As(err, &gerr) {
				return payload, gerr
			}
			return payload, loom.DecodePayloadError(loomhttp.SafeDecodePayloadMessage(err))
		}
		if len(body) < 1 {
			err = loom.MergeErrors(err, loom.InvalidLengthError("body", body, len(body), 1, true))
		}
		for i, e := range body {
			if actual, ok := e.Value(); ok {
				err = loom.MergeErrors(err, loom.ValidatePatternCompiled("body[*]", actual, loomPatternTest0))
			} else {
				err = loom.MergeErrors(err, loom.InvalidNullElementError("body", i))
			}
		}
		if err != nil {
			return payload, err
		}
		payload = NewMethodBodyPrimitiveArrayUserValidatePayloadType(body)

		return payload, nil
	}
}

var loomPatternTest0 = regexp.MustCompile("pattern")
