// EncodeMethodHeaderFloat64Response returns an encoder for responses returned
// by the ServiceHeaderFloat64 MethodHeaderFloat64 endpoint.
func EncodeMethodHeaderFloat64Response(encoder func(context.Context, http.ResponseWriter) loomhttp.Encoder) func(context.Context, http.ResponseWriter, any) error {
	return func(ctx context.Context, w http.ResponseWriter, v any) error {
		res, ok := v.(*serviceheaderfloat64.MethodHeaderFloat64Result)
		if !ok {
			return loomhttp.ErrInvalidType("ServiceHeaderFloat64", "MethodHeaderFloat64", "*serviceheaderfloat64.MethodHeaderFloat64Result", v)
		}
		if res.H != nil {
			val := res.H
			hs := strconv.FormatFloat(*val, 'f', -1, 64)
			w.Header().Set("H", hs)
		}
		w.WriteHeader(http.StatusOK)
		return nil
	}
}
