// DecodeMethodMultipartObjectGeneratedInvalidRequest returns a decoder for
// requests sent to the ServiceMultipartObjectGeneratedInvalid
// MethodMultipartObjectGeneratedInvalid endpoint.
func DecodeMethodMultipartObjectGeneratedInvalidRequest(mux loomhttp.Muxer, decoder func(*http.Request) loomhttp.Decoder) func(*http.Request) (*servicemultipartobjectgeneratedinvalid.MethodMultipartObjectGeneratedInvalidPayload, error) {
	return func(r *http.Request) (*servicemultipartobjectgeneratedinvalid.MethodMultipartObjectGeneratedInvalidPayload, error) {
		var payload *servicemultipartobjectgeneratedinvalid.MethodMultipartObjectGeneratedInvalidPayload
		var (
			body MethodMultipartObjectGeneratedInvalidRequestBody
			err  error
		)
		mr, multipartErr := r.MultipartReader()
		if multipartErr != nil {
			var gerr *loom.ServiceError
			if errors.As(multipartErr, &gerr) {
				return payload, gerr
			}
			return payload, loom.DecodePayloadError(multipartErr.Error())
		}
		multipartForm, multipartErr := loomhttp.ReadMultipartForm(mr)
		if multipartErr != nil {
			var gerr *loom.ServiceError
			if errors.As(multipartErr, &gerr) {
				return payload, gerr
			}
			return payload, loom.DecodePayloadError(multipartErr.Error())
		}
		if len(multipartForm.Values) == 0 && len(multipartForm.Files) == 0 {
			return payload, loom.MissingPayloadError()
		} else {
			files := multipartForm.Files["file"]
			switch len(files) {
			case 0:
				err = loom.MergeErrors(err, loom.MissingFieldError("file", "body"))
			case 1:
				multipartForm.Values.Set("file", string(files[0].Data))
				if _, ok := multipartForm.Values["filename"]; !ok && files[0].Filename != "" {
					multipartForm.Values.Set("filename", files[0].Filename)
				}
			default:
				return payload, loom.DecodePayloadError("multiple multipart files provided for field file")
			}
			if _, multipartErr = loomhttp.DecodeFormValue(multipartForm.Values, "", &body); multipartErr != nil {
				var gerr *loom.ServiceError
				if errors.As(multipartErr, &gerr) {
					return payload, gerr
				}
				return payload, loom.DecodePayloadError(multipartErr.Error())
			}
		}
		err = ValidateMethodMultipartObjectGeneratedInvalidRequestBody(&body)
		if err != nil {
			if multipartErr != nil {
				err = loom.MergeErrors(multipartErr, err)
			}
			return payload, err
		}
		if multipartErr != nil {
			return payload, multipartErr
		}
		payload = NewMethodMultipartObjectGeneratedInvalidPayload(&body)

		return payload, nil
	}
}
