// EncodeMethodHeaderStringDefaultResponse returns an encoder for responses
// returned by the ServiceHeaderStringDefault MethodHeaderStringDefault
// endpoint.
func EncodeMethodHeaderStringDefaultResponse(encoder func(context.Context, http.ResponseWriter) loomhttp.Encoder) func(context.Context, http.ResponseWriter, any) error {
	return func(ctx context.Context, w http.ResponseWriter, v any) error {
		res, ok := v.(*serviceheaderstringdefault.MethodHeaderStringDefaultResult)
		if !ok {
			return loomhttp.ErrInvalidType("ServiceHeaderStringDefault", "MethodHeaderStringDefault", "*serviceheaderstringdefault.MethodHeaderStringDefaultResult", v)
		}
		w.Header().Set("H", res.H)
		w.WriteHeader(http.StatusOK)
		return nil
	}
}
