// MethodBodyCustomNameRequestBody is the type of the "ServiceBodyCustomName"
// service "MethodBodyCustomName" endpoint HTTP request body.
type MethodBodyCustomNameRequestBody struct {
	Body loom.Optional[string] `form:"b,omitempty" json:"b,omitzero" xml:"b,omitempty"`
}

// NewMethodBodyCustomNamePayload builds a ServiceBodyCustomName service
// MethodBodyCustomName endpoint payload.
func NewMethodBodyCustomNamePayload(body *MethodBodyCustomNameRequestBody) *servicebodycustomname.MethodBodyCustomNamePayload {
	v := &servicebodycustomname.MethodBodyCustomNamePayload{}
	if actual, ok := body.Body.Value(); ok {
		vBodyValue := actual

		v.Body = &vBodyValue
	}

	return v
}
