// DecodeMethodQueryAnyRequest returns a decoder for requests sent to the
// ServiceQueryAny MethodQueryAny endpoint.
func DecodeMethodQueryAnyRequest(mux loomhttp.Muxer, _ func(*http.Request) loomhttp.Decoder) func(*http.Request) (*servicequeryany.MethodQueryAnyPayload, error) {
	return func(r *http.Request) (*servicequeryany.MethodQueryAnyPayload, error) {
		var payload *servicequeryany.MethodQueryAnyPayload
		var (
			q any
		)
		qp, queryErr := url.ParseQuery(r.URL.RawQuery)
		if queryErr != nil {
			return payload, loom.DecodePayloadError("invalid query string")
		}
		{
			rawValues, present := qp["q"]
			if present {
				raw := ""
				if len(rawValues) > 0 {
					raw = rawValues[0]
				}
				q = raw
			}
		}
		payload = NewMethodQueryAnyPayload(q)

		return payload, nil
	}
}
