// EncodeMethodHeaderArrayStringResponse returns an encoder for responses
// returned by the ServiceHeaderArrayString MethodHeaderArrayString endpoint.
func EncodeMethodHeaderArrayStringResponse(encoder func(context.Context, http.ResponseWriter) loomhttp.Encoder) func(context.Context, http.ResponseWriter, any) error {
	return func(ctx context.Context, w http.ResponseWriter, v any) error {
		res, ok := v.(*serviceheaderarraystring.MethodHeaderArrayStringResult)
		if !ok {
			return loomhttp.ErrInvalidType("ServiceHeaderArrayString", "MethodHeaderArrayString", "*serviceheaderarraystring.MethodHeaderArrayStringResult", v)
		}
		if res.H != nil {
			val := res.H
			hs := strings.Join(val, ", ")
			w.Header().Set("H", hs)
		}
		w.WriteHeader(http.StatusOK)
		return nil
	}
}
