// DecodeMethodCookiePrimitiveStringValidateRequest returns a decoder for
// requests sent to the ServiceCookiePrimitiveStringValidate
// MethodCookiePrimitiveStringValidate endpoint.
func DecodeMethodCookiePrimitiveStringValidateRequest(mux loomhttp.Muxer, decoder func(*http.Request) loomhttp.Decoder) func(*http.Request) (string, error) {
	return func(r *http.Request) (string, error) {
		var payload string
		var (
			c2  string
			err error
		)
		{
			c, cookieErr := r.Cookie("c")
			if cookieErr != nil {
				if errors.Is(cookieErr, http.ErrNoCookie) {
					err = loom.MergeErrors(err, loom.MissingFieldError("c", "cookie"))
				} else {
					return payload, cookieErr
				}
			}
			if c != nil {
				c2 = c.Value
			}
		}
		if !(c2 == "val") {
			err = loom.MergeErrors(err, loom.InvalidEnumValueError("c", c2, []any{"val"}))
		}
		if err != nil {
			return payload, err
		}
		payload = c

		return payload, nil
	}
}
