// NewMethodBodyQueryPathObjectPayload builds a ServiceBodyQueryPathObject
// service MethodBodyQueryPathObject endpoint payload.
func NewMethodBodyQueryPathObjectPayload(body *MethodBodyQueryPathObjectRequestBody, c2 string, b *string) *servicebodyquerypathobject.MethodBodyQueryPathObjectPayload {
	v := &servicebodyquerypathobject.MethodBodyQueryPathObjectPayload{}
	if actual, ok := body.A.Value(); ok {
		vAValue := actual

		v.A = &vAValue
	}
	v.C = &c2
	v.B = b

	return v
}
