// DecodeMethodARequest returns a decoder for requests sent to the
// ServiceQueryMapAlias MethodA endpoint.
func DecodeMethodARequest(mux loomhttp.Muxer, decoder func(*http.Request) loomhttp.Decoder) func(*http.Request) (*servicequerymapalias.MethodAPayload, error) {
	return func(r *http.Request) (*servicequerymapalias.MethodAPayload, error) {
		var payload *servicequerymapalias.MethodAPayload
		var (
			map_ map[float32]bool
			err  error
		)
		{
			map_Raw := r.URL.Query()
			map_HasValues := false
			for keyRaw := range map_Raw {
				if strings.HasPrefix(keyRaw, "map[") {
					map_HasValues = true
					break
				}
			}
			if map_HasValues {
				for keyRaw, valRaw := range map_Raw {
					if strings.HasPrefix(keyRaw, "map[") {
						if map_ == nil {
							map_ = make(map[float32]bool)
						}
						var keya float32
						var keyaErr error
						{
							openIdx := strings.IndexRune(keyRaw, '[')
							closeIdx := strings.IndexRune(keyRaw, ']')
							if openIdx == -1 || closeIdx == -1 || closeIdx <= openIdx {
								keyaErr = loom.DecodePayloadError("invalid query string: malformed brackets")
								err = loom.MergeErrors(err, keyaErr)
							} else {
								keyaRaw := keyRaw[openIdx+1 : closeIdx]
								v, err2 := strconv.ParseFloat(keyaRaw, 32)
								if err2 != nil {
									keyaErr = loom.InvalidFieldTypeError("query", keyaRaw, "float")
									err = loom.MergeErrors(err, keyaErr)
								}
								keya = float32(v)
							}
						}
						if keyaErr != nil {
							continue
						}
						var vala bool
						{
							valaRaw := valRaw[0]
							v, err2 := strconv.ParseBool(valaRaw)
							if err2 != nil {
								err = loom.MergeErrors(err, loom.InvalidFieldTypeError("query", valaRaw, "boolean"))
							}
							vala = v
						}
						map_[keya] = vala
					}
				}
			}
		}
		if err != nil {
			return payload, err
		}
		payload = NewMethodAPayload(map_)

		return payload, nil
	}
}
