// EncodeMethodBodyArrayUserResponse returns an encoder for responses returned
// by the ServiceBodyArrayUser MethodBodyArrayUser endpoint.
func EncodeMethodBodyArrayUserResponse(encoder func(context.Context, http.ResponseWriter) loomhttp.Encoder) func(context.Context, http.ResponseWriter, any) error {
	return func(ctx context.Context, w http.ResponseWriter, v any) error {
		res, ok := v.(*servicebodyarrayuser.MethodBodyArrayUserResult)
		if !ok {
			return loomhttp.ErrInvalidType("ServiceBodyArrayUser", "MethodBodyArrayUser", "*servicebodyarrayuser.MethodBodyArrayUserResult", v)
		}
		enc := encoder(ctx, w)
		body := NewMethodBodyArrayUserResponseBody(res)
		w.WriteHeader(http.StatusOK)
		return enc.Encode(body)
	}
}
