// DecodeMethodQueryMapBoolBoolRequest returns a decoder for requests sent to
// the ServiceQueryMapBoolBool MethodQueryMapBoolBool endpoint.
func DecodeMethodQueryMapBoolBoolRequest(mux loomhttp.Muxer, decoder func(*http.Request) loomhttp.Decoder) func(*http.Request) (*servicequerymapboolbool.MethodQueryMapBoolBoolPayload, error) {
	return func(r *http.Request) (*servicequerymapboolbool.MethodQueryMapBoolBoolPayload, error) {
		var payload *servicequerymapboolbool.MethodQueryMapBoolBoolPayload
		var (
			q   map[bool]bool
			err error
		)
		{
			qRaw := r.URL.Query()
			qHasValues := false
			for keyRaw := range qRaw {
				if strings.HasPrefix(keyRaw, "q[") {
					qHasValues = true
					break
				}
			}
			if qHasValues {
				for keyRaw, valRaw := range qRaw {
					if strings.HasPrefix(keyRaw, "q[") {
						if q == nil {
							q = make(map[bool]bool)
						}
						var keya bool
						var keyaErr error
						{
							openIdx := strings.IndexRune(keyRaw, '[')
							closeIdx := strings.IndexRune(keyRaw, ']')
							if openIdx == -1 || closeIdx == -1 || closeIdx <= openIdx {
								keyaErr = loom.DecodePayloadError("invalid query string: malformed brackets")
								err = loom.MergeErrors(err, keyaErr)
							} else {
								keyaRaw := keyRaw[openIdx+1 : closeIdx]
								v, err2 := strconv.ParseBool(keyaRaw)
								if err2 != nil {
									keyaErr = loom.InvalidFieldTypeError("query", keyaRaw, "boolean")
									err = loom.MergeErrors(err, keyaErr)
								}
								keya = bool(v)
							}
						}
						if keyaErr != nil {
							continue
						}
						var vala bool
						{
							valaRaw := valRaw[0]
							v, err2 := strconv.ParseBool(valaRaw)
							if err2 != nil {
								err = loom.MergeErrors(err, loom.InvalidFieldTypeError("query", valaRaw, "boolean"))
							}
							vala = v
						}
						q[keya] = vala
					}
				}
			}
		}
		if err != nil {
			return payload, err
		}
		payload = NewMethodQueryMapBoolBoolPayload(q)

		return payload, nil
	}
}
