// DecodeMethodBodyObjectOptionalOriginRequestRequest returns a decoder for
// requests sent to the ServiceBodyObjectOptionalOriginRequest
// MethodBodyObjectOptionalOriginRequest endpoint.
func DecodeMethodBodyObjectOptionalOriginRequestRequest(mux loomhttp.Muxer, decoder func(*http.Request) loomhttp.Decoder) func(*http.Request) (*servicebodyobjectoptionaloriginrequest.MethodBodyObjectOptionalOriginRequestPayload, error) {
	return func(r *http.Request) (*servicebodyobjectoptionaloriginrequest.MethodBodyObjectOptionalOriginRequestPayload, error) {
		var payload *servicebodyobjectoptionaloriginrequest.MethodBodyObjectOptionalOriginRequestPayload
		var (
			body MethodBodyObjectOptionalOriginRequestRequestBody
			err  error
		)
		err = decoder(r).Decode(&body)
		if err != nil {
			if errors.Is(err, io.EOF) {
				err = nil
			} else {
				var gerr *loom.ServiceError
				if errors.As(err, &gerr) {
					return payload, gerr
				}
				return payload, loom.DecodePayloadError(loomhttp.SafeDecodePayloadMessage(err))
			}
		}
		payload = NewMethodBodyObjectOptionalOriginRequestPayload(&body)

		return payload, nil
	}
}
