// DecodeMethodPathPrimitiveStringFormatIPValidateRequest returns a decoder for
// requests sent to the ServicePathPrimitiveStringFormatIPValidate
// MethodPathPrimitiveStringFormatIPValidate endpoint.
func DecodeMethodPathPrimitiveStringFormatIPValidateRequest(mux loomhttp.Muxer, decoder func(*http.Request) loomhttp.Decoder) func(*http.Request) (string, error) {
	return func(r *http.Request) (string, error) {
		var payload string
		var (
			ip  string
			err error

			params = mux.Vars(r)
		)
		ip = params["ip"]
		err = loom.MergeErrors(err, loom.ValidateFormat("ip", ip, loom.FormatIP))
		if err != nil {
			return payload, err
		}
		payload = ip

		return payload, nil
	}
}
