// DecodeMethodHeaderPrimitiveStringDefaultRequest returns a decoder for
// requests sent to the ServiceHeaderPrimitiveStringDefault
// MethodHeaderPrimitiveStringDefault endpoint.
func DecodeMethodHeaderPrimitiveStringDefaultRequest(mux loomhttp.Muxer, _ func(*http.Request) loomhttp.Decoder) func(*http.Request) (*serviceheaderprimitivestringdefault.MethodHeaderPrimitiveStringDefaultPayload, error) {
	return func(r *http.Request) (*serviceheaderprimitivestringdefault.MethodHeaderPrimitiveStringDefaultPayload, error) {
		var payload *serviceheaderprimitivestringdefault.MethodHeaderPrimitiveStringDefaultPayload
		var (
			token string
			err   error
		)
		token = r.Header.Get("X-Auth")
		if token == "" {
			err = loom.MergeErrors(err, loom.MissingFieldError("token", "header"))
		}

		if err != nil {
			return payload, err
		}
		payload = NewMethodHeaderPrimitiveStringDefaultPayload(token)

		return payload, nil
	}
}
