// DecodeMethodQueryStringDefaultValidateRequest returns a decoder for requests
// sent to the ServiceQueryStringDefaultValidate
// MethodQueryStringDefaultValidate endpoint.
func DecodeMethodQueryStringDefaultValidateRequest(mux loomhttp.Muxer, _ func(*http.Request) loomhttp.Decoder) func(*http.Request) (*servicequerystringdefaultvalidate.MethodQueryStringDefaultValidatePayload, error) {
	return func(r *http.Request) (*servicequerystringdefaultvalidate.MethodQueryStringDefaultValidatePayload, error) {
		var payload *servicequerystringdefaultvalidate.MethodQueryStringDefaultValidatePayload
		var (
			q   string
			err error
		)
		{
			rawValues, present := r.URL.Query()["q"]
			if present {
				raw := ""
				if len(rawValues) > 0 {
					raw = rawValues[0]
				}
				q = raw
			} else {
				q = "def"
			}
		}
		if !(q == "def") {
			err = loom.MergeErrors(err, loom.InvalidEnumValueError("q", q, []any{"def"}))
		}
		if err != nil {
			return payload, err
		}
		payload = NewMethodQueryStringDefaultValidatePayload(q)

		return payload, nil
	}
}
