// DecodeMethodBodyPrimitiveArrayStringValidateRequest returns a decoder for
// requests sent to the ServiceBodyPrimitiveArrayStringValidate
// MethodBodyPrimitiveArrayStringValidate endpoint.
func DecodeMethodBodyPrimitiveArrayStringValidateRequest(mux loomhttp.Muxer, decoder func(*http.Request) loomhttp.Decoder) func(*http.Request) ([]string, error) {
	return func(r *http.Request) ([]string, error) {
		var payload []string
		var (
			body []string
			err  error
		)
		err = decoder(r).Decode(&body)
		if err != nil {
			if errors.Is(err, io.EOF) {
				return payload, loom.MissingPayloadError()
			}
			var gerr *loom.ServiceError
			if errors.As(err, &gerr) {
				return payload, gerr
			}
			return payload, loom.DecodePayloadError(loomhttp.SafeDecodePayloadMessage(err))
		}
		if len(body) < 1 {
			err = loom.MergeErrors(err, loom.InvalidLengthError("body", body, len(body), 1, true))
		}
		for _, e := range body {
			if !(e == "val") {
				err = loom.MergeErrors(err, loom.InvalidEnumValueError("body[*]", e, []any{"val"}))
			}
		}
		if err != nil {
			return payload, err
		}
		payload = body

		return payload, nil
	}
}
