// DecodeMethodQueryStringNotRequiredValidateRequest returns a decoder for
// requests sent to the ServiceQueryStringNotRequiredValidate
// MethodQueryStringNotRequiredValidate endpoint.
func DecodeMethodQueryStringNotRequiredValidateRequest(mux loomhttp.Muxer, _ func(*http.Request) loomhttp.Decoder) func(*http.Request) (*servicequerystringnotrequiredvalidate.MethodQueryStringNotRequiredValidatePayload, error) {
	return func(r *http.Request) (*servicequerystringnotrequiredvalidate.MethodQueryStringNotRequiredValidatePayload, error) {
		var payload *servicequerystringnotrequiredvalidate.MethodQueryStringNotRequiredValidatePayload
		var (
			q   *string
			err error
		)
		{
			rawValues, present := r.URL.Query()["q"]
			if present {
				raw := ""
				if len(rawValues) > 0 {
					raw = rawValues[0]
				}
				q = &raw
			}
		}
		if q != nil {
			if !(*q == "val") {
				err = loom.MergeErrors(err, loom.InvalidEnumValueError("q", *q, []any{"val"}))
			}
		}
		if err != nil {
			return payload, err
		}
		payload = NewMethodQueryStringNotRequiredValidatePayload(q)

		return payload, nil
	}
}
