// DecodeMethodQueryUInt64Request returns a decoder for requests sent to the
// ServiceQueryUInt64 MethodQueryUInt64 endpoint.
func DecodeMethodQueryUInt64Request(mux loomhttp.Muxer, _ func(*http.Request) loomhttp.Decoder) func(*http.Request) (*servicequeryuint64.MethodQueryUInt64Payload, error) {
	return func(r *http.Request) (*servicequeryuint64.MethodQueryUInt64Payload, error) {
		var payload *servicequeryuint64.MethodQueryUInt64Payload
		var (
			q   *uint64
			err error
		)
		qp, queryErr := url.ParseQuery(r.URL.RawQuery)
		if queryErr != nil {
			return payload, loom.DecodePayloadError("invalid query string")
		}
		{
			qRaw := qp.Get("q")
			if qRaw != "" {
				v, err2 := strconv.ParseUint(qRaw, 10, 64)
				if err2 != nil {
					err = loom.MergeErrors(err, loom.InvalidFieldTypeError("q", qRaw, "unsigned integer"))
				}
				q = &v
			}
		}
		if err != nil {
			return payload, err
		}
		payload = NewMethodQueryUInt64Payload(q)

		return payload, nil
	}
}
