// DecodeMethodFormBodyObjectOptionalRequest returns a decoder for requests
// sent to the ServiceFormBodyObjectOptional MethodFormBodyObjectOptional
// endpoint.
func DecodeMethodFormBodyObjectOptionalRequest(mux goahttp.Muxer, decoder func(*http.Request) goahttp.Decoder) func(*http.Request) (*serviceformbodyobjectoptional.MethodFormBodyObjectOptionalPayload, error) {
	return func(r *http.Request) (*serviceformbodyobjectoptional.MethodFormBodyObjectOptionalPayload, error) {
		var payload *serviceformbodyobjectoptional.MethodFormBodyObjectOptionalPayload
		var (
			body MethodFormBodyObjectOptionalRequestBody
			err  error
		)
		if err = r.ParseForm(); err != nil {
			return payload, goa.DecodePayloadError(err.Error())
		}
		if len(r.PostForm) == 0 {
			return payload, goa.MissingPayloadError()
		} else {
			if _, err = goahttp.DecodeFormValue(r.PostForm, "", &body); err != nil {
				var gerr *goa.ServiceError
				if errors.As(err, &gerr) {
					return payload, gerr
				}
				return payload, goa.DecodePayloadError(err.Error())
			}
		}
		err = ValidateMethodFormBodyObjectOptionalRequestBody(&body)
		if err != nil {
			return payload, err
		}
		payload = NewMethodFormBodyObjectOptionalPayload(&body)

		return payload, nil
	}
}
