// DecodeMethodBodyUnionValidateRequest returns a decoder for requests sent to
// the ServiceBodyUnionValidate MethodBodyUnionValidate endpoint.
func DecodeMethodBodyUnionValidateRequest(mux loomhttp.Muxer, decoder func(*http.Request) loomhttp.Decoder) func(*http.Request) (*servicebodyunionvalidate.MethodBodyUnionValidatePayload, error) {
	return func(r *http.Request) (*servicebodyunionvalidate.MethodBodyUnionValidatePayload, error) {
		var payload *servicebodyunionvalidate.MethodBodyUnionValidatePayload
		var (
			body MethodBodyUnionValidateRequestBody
			err  error
		)
		err = decoder(r).Decode(&body)
		if err != nil {
			if errors.Is(err, io.EOF) {
				return payload, loom.MissingPayloadError()
			}
			var gerr *loom.ServiceError
			if errors.As(err, &gerr) {
				return payload, gerr
			}
			return payload, loom.DecodePayloadError(loomhttp.SafeDecodePayloadMessage(err))
		}
		err = ValidateMethodBodyUnionValidateRequestBody(&body)
		if err != nil {
			return payload, err
		}
		payload = NewMethodBodyUnionValidatePayload(&body)

		return payload, nil
	}
}
