// DecodeMethodBodyMapUserRequest returns a decoder for requests sent to the
// ServiceBodyMapUser MethodBodyMapUser endpoint.
func DecodeMethodBodyMapUserRequest(mux loomhttp.Muxer, decoder func(*http.Request) loomhttp.Decoder) func(*http.Request) (*servicebodymapuser.MethodBodyMapUserPayload, error) {
	return func(r *http.Request) (*servicebodymapuser.MethodBodyMapUserPayload, error) {
		var payload *servicebodymapuser.MethodBodyMapUserPayload
		var (
			body MethodBodyMapUserRequestBody
			err  error
		)
		err = decoder(r).Decode(&body)
		if err != nil {
			if errors.Is(err, io.EOF) {
				return payload, loom.MissingPayloadError()
			}
			var gerr *loom.ServiceError
			if errors.As(err, &gerr) {
				return payload, gerr
			}
			return payload, loom.DecodePayloadError(err.Error())
		}
		err = ValidateMethodBodyMapUserRequestBody(&body)
		if err != nil {
			return payload, err
		}
		payload = NewMethodBodyMapUserPayload(&body)

		return payload, nil
	}
}
