// NewMethodBodyUserInnerDefaultPayloadType builds a
// ServiceBodyUserInnerDefault service MethodBodyUserInnerDefault endpoint
// payload.
func NewMethodBodyUserInnerDefaultPayloadType(body *MethodBodyUserInnerDefaultRequestBody) *servicebodyuserinnerdefault.PayloadType {
	v := &servicebodyuserinnerdefault.PayloadType{}
	if actual, ok := body.Inner.Value(); ok {
		vInnerValue := unmarshalInnerTypeRequestBodyToServicebodyuserinnerdefaultInnerType(&actual)

		v.Inner = vInnerValue
	}

	return v
}
