// SSEObjectMethodServerStream implements the
// sseobjectservice.SSEObjectMethodServerStream interface using Server-Sent
// Events.
type SSEObjectMethodServerStream struct {
	// writer owns the serialized SSE response lifecycle.
	writer *loomhttp.SSEStreamWriter
}

// Send streams instances of "sseobjectservice.SSEObjectMethodResult" to the
// "SSEObjectMethod" endpoint SSE connection.
func (s *SSEObjectMethodServerStream) Send(v *sseobjectservice.SSEObjectMethodResult) error {
	return s.SendWithContext(s.writer.Context(), v)
}

func (s *SSEObjectMethodServerStream) started() bool {
	return s.writer.Started()
}

// Open commits and flushes the successful SSE response before the first event.
func (s *SSEObjectMethodServerStream) Open(ctx context.Context) error {
	return s.writer.Open(ctx)
}

// SendComment writes and flushes an SSE heartbeat comment.
func (s *SSEObjectMethodServerStream) SendComment(ctx context.Context, text string) error {
	return s.writer.SendComment(ctx, text)
}

// SendWithContext streams instances of
// "sseobjectservice.SSEObjectMethodResult" to the "SSEObjectMethod" endpoint
// SSE connection with context.
func (s *SSEObjectMethodServerStream) SendWithContext(ctx context.Context, v *sseobjectservice.SSEObjectMethodResult) error {
	if err := ctx.Err(); err != nil {
		return err
	}
	res := v

	var payload any
	body := NewSSEObjectMethodResponseBody(res)
	payload = body
	data, err := loomhttp.EncodeSSEData(payload)
	if err != nil {
		return err
	}

	msg := loomhttp.SSEMessage{Data: data}

	return s.writer.WriteEvent(ctx, func(w io.Writer) error {
		return loomhttp.WriteSSEEvent(w, msg)
	})
}

// Close prevents later SSE control or event writes.
func (s *SSEObjectMethodServerStream) Close() error {
	return s.writer.Close()
}
