// SSEDataFieldMethodServerStream implements the
// ssedatafieldservice.SSEDataFieldMethodServerStream interface using
// Server-Sent Events.
type SSEDataFieldMethodServerStream struct {
	// writer owns the serialized SSE response lifecycle.
	writer *loomhttp.SSEStreamWriter
}

// Send streams instances of "ssedatafieldservice.SSEDataFieldMethodResult" to
// the "SSEDataFieldMethod" endpoint SSE connection.
func (s *SSEDataFieldMethodServerStream) Send(v *ssedatafieldservice.SSEDataFieldMethodResult) error {
	return s.SendWithContext(s.writer.Context(), v)
}

func (s *SSEDataFieldMethodServerStream) started() bool {
	return s.writer.Started()
}

// Open commits and flushes the successful SSE response before the first event.
func (s *SSEDataFieldMethodServerStream) Open(ctx context.Context) error {
	return s.writer.Open(ctx)
}

// SendComment writes and flushes an SSE heartbeat comment.
func (s *SSEDataFieldMethodServerStream) SendComment(ctx context.Context, text string) error {
	return s.writer.SendComment(ctx, text)
}

// SendWithContext streams instances of
// "ssedatafieldservice.SSEDataFieldMethodResult" to the "SSEDataFieldMethod"
// endpoint SSE connection with context.
func (s *SSEDataFieldMethodServerStream) SendWithContext(ctx context.Context, v *ssedatafieldservice.SSEDataFieldMethodResult) error {
	if err := ctx.Err(); err != nil {
		return err
	}
	res := v

	var payload any
	body := NewSSEDataFieldMethodResponseBody(res)
	payload = body.Data
	data, err := loomhttp.EncodeSSEData(payload)
	if err != nil {
		return err
	}

	msg := loomhttp.SSEMessage{Data: data}

	return s.writer.WriteEvent(ctx, func(w io.Writer) error {
		return loomhttp.WriteSSEEvent(w, msg)
	})
}

// Close prevents later SSE control or event writes.
func (s *SSEDataFieldMethodServerStream) Close() error {
	return s.writer.Close()
}
