// SSEAllFieldsMethodServerStream implements the
// sseallfieldsservice.SSEAllFieldsMethodServerStream interface using
// Server-Sent Events.
type SSEAllFieldsMethodServerStream struct {
	// writer owns the serialized SSE response lifecycle.
	writer *loomhttp.SSEStreamWriter
}

// Send streams instances of "sseallfieldsservice.SSEAllFieldsMethodResult" to
// the "SSEAllFieldsMethod" endpoint SSE connection.
func (s *SSEAllFieldsMethodServerStream) Send(v *sseallfieldsservice.SSEAllFieldsMethodResult) error {
	return s.SendWithContext(s.writer.Context(), v)
}

func (s *SSEAllFieldsMethodServerStream) started() bool {
	return s.writer.Started()
}

// Open commits and flushes the successful SSE response before the first event.
func (s *SSEAllFieldsMethodServerStream) Open(ctx context.Context) error {
	return s.writer.Open(ctx)
}

// SendComment writes and flushes an SSE heartbeat comment.
func (s *SSEAllFieldsMethodServerStream) SendComment(ctx context.Context, text string) error {
	return s.writer.SendComment(ctx, text)
}

// SendWithContext streams instances of
// "sseallfieldsservice.SSEAllFieldsMethodResult" to the "SSEAllFieldsMethod"
// endpoint SSE connection with context.
func (s *SSEAllFieldsMethodServerStream) SendWithContext(ctx context.Context, v *sseallfieldsservice.SSEAllFieldsMethodResult) error {
	if err := ctx.Err(); err != nil {
		return err
	}
	res := v

	var payload any
	body := NewSSEAllFieldsMethodResponseBody(res)
	payload = body.Data
	data, err := loomhttp.EncodeSSEData(payload)
	if err != nil {
		return err
	}

	msg := loomhttp.SSEMessage{Data: data}

	if id := res.ID; id != "" {
		msg.ID = id
	}
	if event := res.Event; event != "" {
		msg.Type = event
	}
	if retry := res.Retry; retry > 0 {
		msg.RetryMillis = int64(retry)
	}

	return s.writer.WriteEvent(ctx, func(w io.Writer) error {
		return loomhttp.WriteSSEEvent(w, msg)
	})
}

// Close prevents later SSE control or event writes.
func (s *SSEAllFieldsMethodServerStream) Close() error {
	return s.writer.Close()
}
