// handleSSE handles JSON-RPC SSE requests by dispatching to the appropriate method.
func (s *Server) handleSSE(w http.ResponseWriter, r *http.Request) {
	ctx := r.Context()

	var req jsonrpc.RawRequest
	if r.Method == http.MethodGet {
		req = jsonrpc.RawRequest{
			JSONRPC: "2.0",
			Method:  "events/stream",
		}
	} else if err := s.decoder(r).Decode(&req); err != nil {
		stream := &jSONRPCSSEObjectServiceSSEStream{
			decoder: s.decoder,
			encoder: s.encoder,
			r:       r,
			w:       w,
		}
		if err := stream.sendError(ctx, nil, jsonrpc.ParseError, "Parse error", nil); err != nil {
			s.errhandler(ctx, w, err)
		}
		return
	}

	if req.Invalid {
		if !req.HasID {
			w.WriteHeader(http.StatusNoContent)
			return
		}
		stream := &jSONRPCSSEObjectServiceSSEStream{
			decoder: s.decoder,
			encoder: s.encoder,
			r:       r,
			w:       w,
		}
		if err := stream.sendError(ctx, req.ID, jsonrpc.InvalidRequest, "Invalid request", nil); err != nil {
			s.errhandler(ctx, w, err)
		}
		return
	}

	if req.JSONRPC != "2.0" {
		if !req.HasID {
			w.WriteHeader(http.StatusNoContent)
			return
		}
		stream := &jSONRPCSSEObjectServiceSSEStream{
			decoder: s.decoder,
			encoder: s.encoder,
			r:       r,
			w:       w,
		}
		if err := stream.sendError(ctx, req.ID, jsonrpc.InvalidRequest, "Invalid request", nil); err != nil {
			s.errhandler(ctx, w, err)
		}
		return
	}

	if req.Method == "" {
		if !req.HasID {
			w.WriteHeader(http.StatusNoContent)
			return
		}
		stream := &jSONRPCSSEObjectServiceSSEStream{
			decoder: s.decoder,
			encoder: s.encoder,
			r:       r,
			w:       w,
		}
		if err := stream.sendError(ctx, req.ID, jsonrpc.InvalidRequest, "Invalid request", nil); err != nil {
			s.errhandler(ctx, w, err)
		}
		return
	}

	var handler func(context.Context, *http.Request, *jsonrpc.RawRequest, http.ResponseWriter) error
	switch req.Method {
	case "Stream":
		handler = s.Stream
	default:
		if !req.HasID {
			w.WriteHeader(http.StatusNoContent)
			return
		}
		stream := &jSONRPCSSEObjectServiceSSEStream{
			decoder: s.decoder,
			encoder: s.encoder,
			r:       r,
			w:       w,
		}
		if err := stream.sendError(ctx, req.ID, jsonrpc.MethodNotFound, "Method not found", nil); err != nil {
			s.errhandler(ctx, w, err)
		}
		return
	}

	if err := handler(ctx, r, &req, w); err != nil {
		s.errhandler(ctx, w, fmt.Errorf("handler error for %s: %w", req.Method, err))
		return
	}

}
