// encodeJSONRPCError creates and sends a JSON-RPC error response (handles nil ID gracefully)
func (s *Server) encodeJSONRPCError(ctx context.Context, w http.ResponseWriter, req *jsonrpc.RawRequest, code jsonrpc.Code, message string, data any) {
	encodeJSONRPCError(ctx, w, req, code, message, data, s.encoder, s.errhandler)
}

// encodeJSONRPCError creates and sends a JSON-RPC error response (handles nil ID gracefully)
func encodeJSONRPCError(ctx context.Context, w http.ResponseWriter, req *jsonrpc.RawRequest, code jsonrpc.Code, message string, data any, encoder func(context.Context, http.ResponseWriter) loomhttp.Encoder, errhandler func(context.Context, http.ResponseWriter, error)) {
	if req.HasID || code == jsonrpc.InvalidRequest {
		id := req.ID
		if !req.HasID {
			id = nil
		}
		response := jsonrpc.MakeErrorResponse(id, code, message, data)
		if err := encoder(ctx, w).Encode(response); err != nil {
			errhandler(ctx, w, fmt.Errorf("failed to encode JSON-RPC response: %w", err))
		}
	}
}

// jsonrpcEnvelopeDecodeError classifies errors raised while decoding a JSON-RPC envelope.
func jsonrpcEnvelopeDecodeError(err error) (jsonrpc.Code, string, any) {
	var serviceError *loom.ServiceError
	if errors.As(err, &serviceError) && serviceError.Name == loom.RequestBodyTooLarge {
		return jsonrpcErrorCodeForServiceError(serviceError), loom.ErrorSafeMessage(err), jsonrpc.NewErrorData(err)
	}
	return jsonrpc.ParseError, "Parse error", nil
}

// jsonrpcErrorCodeForServiceError classifies client-caused framework errors and maps all other service errors to internal errors.
func jsonrpcErrorCodeForServiceError(err *loom.ServiceError) jsonrpc.Code {
	if err == nil {
		return jsonrpc.InternalError
	}
	switch err.Name {
	case loom.RequestBodyTooLarge:
		return jsonrpc.InvalidRequest
	case loom.InvalidFieldType, loom.MissingField, loom.InvalidEnumValue, loom.InvalidFormat, loom.InvalidPattern, loom.InvalidRange, loom.InvalidLength, loom.DecodePayload, loom.MissingPayload:
		return jsonrpc.InvalidParams
	default:
		return jsonrpc.InternalError
	}
}
