// New creates a JSON-RPC server which loads HTTP requests and calls the
// "JSONRPCSSEEventsStreamService" service methods. An optional
// streamWritePolicy bounds each server-stream network write and flush.
// Construct policies with loomhttp.NewStreamWritePolicy.
func New(endpoints *jsonrpcsseeventsstreamservice.Endpoints, mux loomhttp.Muxer, decoder func(*http.Request) loomhttp.Decoder, encoder func(context.Context, http.ResponseWriter) loomhttp.Encoder, errhandler func(context.Context, http.ResponseWriter, error), streamWritePolicies ...loomhttp.StreamWritePolicy) *Server {
	var streamWritePolicy loomhttp.StreamWritePolicy
	if len(streamWritePolicies) > 0 {
		streamWritePolicy = streamWritePolicies[0]
	}
	s := &Server{
		EventsStream:      NewEventsStreamHandler(endpoints.EventsStream, mux, decoder, encoder, errhandler, streamWritePolicy),
		Methods:           []string{"events/stream"},
		decoder:           decoder,
		encoder:           encoder,
		errhandler:        errhandler,
		streamWritePolicy: streamWritePolicy,
	}
	// SSE-only services route via handleSSE
	s.Handler = http.NewCrossOriginProtection().Handler(http.HandlerFunc(s.handleSSE))
	return s
}
