// New creates a JSON-RPC server which loads HTTP requests and calls the
// "JSONRPCMixedInitializeEventsStreamService" service methods. An optional
// streamWritePolicy bounds each server-stream network write and flush.
// Construct policies with loomhttp.NewStreamWritePolicy.
func New(endpoints *jsonrpcmixedinitializeeventsstreamservice.Endpoints, mux loomhttp.Muxer, decoder func(*http.Request) loomhttp.Decoder, encoder func(context.Context, http.ResponseWriter) loomhttp.Encoder, errhandler func(context.Context, http.ResponseWriter, error), streamWritePolicies ...loomhttp.StreamWritePolicy) *Server {
	var streamWritePolicy loomhttp.StreamWritePolicy
	if len(streamWritePolicies) > 0 {
		streamWritePolicy = streamWritePolicies[0]
	}
	s := &Server{
		EventsStream:      NewEventsStreamHandler(endpoints.EventsStream, mux, decoder, encoder, errhandler, streamWritePolicy),
		Initialize:        NewInitializeHandler(endpoints.Initialize, mux, decoder, encoder, errhandler),
		Methods:           []string{"initialize", "events/stream"},
		decoder:           decoder,
		encoder:           encoder,
		errhandler:        errhandler,
		streamWritePolicy: streamWritePolicy,
	}
	// Mixed HTTP/SSE services negotiate transports through the internal dispatcher
	s.Handler = http.NewCrossOriginProtection().Handler(http.HandlerFunc(s.serveHTTP))
	return s
}

// serveHTTP delegates mixed JSON-RPC HTTP/SSE negotiation to the transport runtime.
func (s *Server) serveHTTP(w http.ResponseWriter, r *http.Request) {
	jsonrpc.ServeMixed(w, r, jsonrpc.MixedHandlerSpec{
		HTTP:        s.httpHandlerSpec(),
		SSE:         s.sseHandlerSpec(),
		SupportsGET: true,
	})
}

// sseHandlerSpec returns the generated adapters used by the JSON-RPC SSE runtime.
func (s *Server) sseHandlerSpec() jsonrpc.SSEHandlerSpec {
	return jsonrpc.SSEHandlerSpec{
		Decoder:       s.decoder,
		Dispatch:      s.dispatchSSE,
		HandleFailure: s.errhandler,
		SendError:     s.sendSSEError,
		Service:       "JSONRPCMixedInitializeEventsStreamService",
	}
}

// dispatchSSE calls the typed adapter for a JSON-RPC SSE method.
func (s *Server) dispatchSSE(ctx context.Context, r *http.Request, req *jsonrpc.RawRequest, w http.ResponseWriter) (bool, bool, error) {
	switch req.Method {
	case "events/stream":
		return true, false, s.EventsStream(ctx, r, req, w)
	}
	return false, false, nil
}

// sendSSEError writes one JSON-RPC error as an SSE message event.
func (s *Server) sendSSEError(ctx context.Context, r *http.Request, w http.ResponseWriter, id any, code jsonrpc.Code, message string, data any) error {
	stream := &EventsStreamServerStream{
		encoder: s.encoder,
		r:       r,
		w:       w,
		writer:  loomhttp.NewSSEStreamWriter(w, r.Context(), loomtransport.TransportJSONRPC, s.streamWritePolicy),
	}
	return stream.sendError(ctx, id, code, message, data)
}
