// serveHTTP delegates mixed JSON-RPC HTTP/SSE negotiation to the transport runtime.
func (s *Server) serveHTTP(w http.ResponseWriter, r *http.Request) {
	jsonrpc.ServeMixed(w, r, jsonrpc.MixedHandlerSpec{
		HTTP:        s.httpHandlerSpec(),
		SSE:         s.sseHandlerSpec(),
		SupportsGET: false,
	})
}
