{
  "cases": [
    {
      "content_types": [
        "application/json"
      ],
      "cookies": [
        {
          "Domain": "",
          "HTTPName": "widget_session",
          "HTTPOnly": true,
          "MaxAge": "",
          "Name": "session",
          "Path": "/",
          "Required": true,
          "SameSite": "lax",
          "Secure": true
        }
      ],
      "headers": [
        {
          "HTTPName": "X-Version",
          "Name": "version",
          "Required": true
        }
      ],
      "id": "widgets.show.success.202.outcome=accepted",
      "kind": "success",
      "status_code": 202,
      "tag_name": "outcome",
      "tag_value": "accepted"
    },
    {
      "content_types": [
        "application/json"
      ],
      "id": "widgets.show.success.200",
      "kind": "success",
      "status_code": 200
    },
    {
      "content_types": [
        "application/json"
      ],
      "error_name": "not_found",
      "headers": [
        {
          "HTTPName": "X-Reason",
          "Name": "reason",
          "Required": true
        }
      ],
      "id": "widgets.show.error.not_found.404",
      "kind": "error",
      "status_code": 404
    },
    {
      "content_types": [
        "application/problem+json"
      ],
      "error_name": "gone",
      "id": "widgets.show.error.gone.404",
      "kind": "error",
      "status_code": 404
    }
  ]
}
