func transform() {
	target := &proto.Composite{
		RequiredString: &source.MyString,
	}
	defaultInt := int64(source.MyInt)
	target.DefaultInt = &defaultInt
	if source.MyType != nil {
		target.Type = svcProtoSimpleToProtoSimple(source.MyType)
	}
	if source.MyMap != nil {
		target.Map_ = make(map[int64]string, len(source.MyMap))
		for key, val := range source.MyMap {
			tk := int64(key)
			target.Map_[tk] = val
		}
	}
	if source.MyArray != nil {
		target.Array = make([]string, len(source.MyArray))
		copy(target.Array, source.MyArray)
	}
}
