func transform() {
	target := &proto.Optional{
		Float:  source.Float_,
		String: source.String_,
		Bytes:  source.Bytes_,
	}
	if source.Int != nil {
		int_ := int(*source.Int)
		target.Int = &int_
	}
	if source.Uint != nil {
		uint_ := uint(*source.Uint)
		target.Uint = &uint_
	}
	if source.Any != nil {
		if _, isNull := source.Any.GetKind().(*structpb.Value_NullValue); isNull {
			target.Any.SetNull()
		} else {
			target.Any.SetValue(source.Any.AsInterface())
		}
	}
	if source.Array != nil {
		target.Array = make([]string, len(source.Array))
		copy(target.Array, source.Array)
	}
	if source.Map_ != nil {
		target.Map = make(map[int]string, len(source.Map_))
		for key, val := range source.Map_ {
			tk := int(key)
			target.Map[tk] = val
		}
	}
	if source.UserType != nil {
		target.UserType = protobufProtoOptionalToProtoOptional(source.UserType)
	}
}
