
syntax = "proto3";

package service_bidirectional_streaming_rpc;

option go_package = "/service_bidirectional_streaming_rpcpb";

// Service is the ServiceBidirectionalStreamingRPC service interface.
service ServiceBidirectionalStreamingRPC {
	// MethodBidirectionalStreamingRPC implements MethodBidirectionalStreamingRPC.
	rpc MethodBidirectionalStreamingRPC (stream MethodBidirectionalStreamingRPCStreamingRequest) returns (stream MethodBidirectionalStreamingRPCResponse);
}

message MethodBidirectionalStreamingRPCStreamingRequest {
	sint64 field = 1;
}

message MethodBidirectionalStreamingRPCResponse {
	optional sint64 a = 1;
	optional string b = 2;
}
