func transform() {
	target := &proto.WithDefaults{
		String_:        &source.String,
		RequiredString: &source.RequiredString,
		Bytes_:         source.Bytes,
		RequiredBytes:  source.RequiredBytes,
		Any:            &source.Any,
		RequiredAny:    &source.RequiredAny,
	}
	int_ := int64(source.Int)
	target.Int = &int_
	rawJSON := string(source.RawJSON)
	target.RawJson = &rawJSON
	requiredInt := int64(source.RequiredInt)
	target.RequiredInt = &requiredInt
	if source.Array != nil {
		target.Array = make([]string, len(source.Array))
		copy(target.Array, source.Array)
	}
	if source.RequiredArray != nil {
		target.RequiredArray = make([]string, len(source.RequiredArray))
		copy(target.RequiredArray, source.RequiredArray)
	}
	if source.Map != nil {
		target.Map_ = make(map[int64]string, len(source.Map))
		for key, val := range source.Map {
			tk := int64(key)
			target.Map_[tk] = val
		}
	}
	if source.RequiredMap != nil {
		target.RequiredMap = make(map[int64]string, len(source.RequiredMap))
		for key, val := range source.RequiredMap {
			tk := int64(key)
			target.RequiredMap[tk] = val
		}
	}
}
