// DecodeMethodMessageWithSecurityRequest decodes requests sent to
// "ServiceMessageWithSecurity" service "MethodMessageWithSecurity" endpoint.
func DecodeMethodMessageWithSecurityRequest(ctx context.Context, v any, md metadata.MD) (any, error) {
	var (
		token    *string
		key      *string
		username *string
		password *string
		err      error
	)
	{
		if vals := md.Get("authorization"); len(vals) > 0 {
			value, ok := security.DecodeBearer(vals[0])
			if !ok {
				return nil, loom.DecodePayloadError("invalid Authorization bearer credential")
			}
			token = &value
		}
		if vals := md.Get("authorization"); len(vals) > 0 {
			key = &vals[0]
		}
		if vals := md.Get("username"); len(vals) > 0 {
			username = &vals[0]
		}
		if vals := md.Get("password"); len(vals) > 0 {
			password = &vals[0]
		}
	}
	if err != nil {
		return nil, err
	}
	var (
		message *service_message_with_securitypb.MethodMessageWithSecurityRequest
		ok      bool
	)
	{
		if message, ok = v.(*service_message_with_securitypb.MethodMessageWithSecurityRequest); !ok {
			return nil, loomgrpc.ErrInvalidType("ServiceMessageWithSecurity", "MethodMessageWithSecurity", "*service_message_with_securitypb.MethodMessageWithSecurityRequest", v)
		}
	}
	var payload *servicemessagewithsecurity.RequestUT
	{
		payload = NewMethodMessageWithSecurityPayload(message, token, key, username, password)
	}
	return payload, nil
}
