// MethodUnaryRPCWithOverridingErrors implements the
// "MethodUnaryRPCWithOverridingErrors" method in
// service_unary_rpc_with_overriding_errorspb.ServiceUnaryRPCWithOverridingErrorsServer
// interface.
func (s *Server) MethodUnaryRPCWithOverridingErrors(ctx context.Context, message *service_unary_rpc_with_overriding_errorspb.MethodUnaryRPCWithOverridingErrorsRequest) (*service_unary_rpc_with_overriding_errorspb.MethodUnaryRPCWithOverridingErrorsResponse, error) {
	resp, err := loomgrpc.ServeUnary(ctx, message, loomgrpc.UnaryServerSpec{
		Handler:  s.MethodUnaryRPCWithOverridingErrorsH,
		MapError: mapMethodUnaryRPCWithOverridingErrorsError,
		Method:   "MethodUnaryRPCWithOverridingErrors",
		Service:  "ServiceUnaryRPCWithOverridingErrors",
	})
	if err != nil {
		return nil, err
	}
	return resp.(*service_unary_rpc_with_overriding_errorspb.MethodUnaryRPCWithOverridingErrorsResponse), nil
}
func mapMethodUnaryRPCWithOverridingErrorsError(name string, err error) (loomgrpc.ErrorMapping, bool, error) {
	switch name {
	case "overridden":
		return loomgrpc.ErrorMapping{
			Code:   codes.Unknown,
			Detail: loomgrpc.NewErrorResponse(err),
		}, true, nil
	case "internal":
		return loomgrpc.ErrorMapping{
			Code:   codes.Unknown,
			Detail: loomgrpc.NewErrorResponse(err),
		}, true, nil
	}
	return loomgrpc.ErrorMapping{}, false, nil
}
