// NewMethodBidirectionalStreamingRPCWithPayloadHandler creates a gRPC handler
// which serves the "ServiceBidirectionalStreamingRPCWithPayload" service
// "MethodBidirectionalStreamingRPCWithPayload" endpoint.
func NewMethodBidirectionalStreamingRPCWithPayloadHandler(endpoint loom.Endpoint, h loomgrpc.StreamHandler) loomgrpc.StreamHandler {
	if h == nil {
		h = loomgrpc.NewStreamHandler(endpoint, DecodeMethodBidirectionalStreamingRPCWithPayloadRequest)
	}
	return h
}
