// NewMethodUnaryRPCNoPayloadHandler creates a gRPC handler which serves the
// "ServiceUnaryRPCNoPayload" service "MethodUnaryRPCNoPayload" endpoint.
func NewMethodUnaryRPCNoPayloadHandler(endpoint loom.Endpoint, h loomgrpc.UnaryHandler) loomgrpc.UnaryHandler {
	if h == nil {
		h = loomgrpc.NewUnaryHandler(endpoint, nil, EncodeMethodUnaryRPCNoPayloadResponse)
	}
	return h
}
