// MethodUnaryRPCNoPayload implements the "MethodUnaryRPCNoPayload" method in
// service_unary_rpc_no_payloadpb.ServiceUnaryRPCNoPayloadServer interface.
func (s *Server) MethodUnaryRPCNoPayload(ctx context.Context, message *service_unary_rpc_no_payloadpb.MethodUnaryRPCNoPayloadRequest) (*service_unary_rpc_no_payloadpb.MethodUnaryRPCNoPayloadResponse, error) {
	resp, err := loomgrpc.ServeUnary(ctx, message, loomgrpc.UnaryServerSpec{
		Handler: s.MethodUnaryRPCNoPayloadH,
		Method:  "MethodUnaryRPCNoPayload",
		Service: "ServiceUnaryRPCNoPayload",
	})
	if err != nil {
		return nil, err
	}
	return resp.(*service_unary_rpc_no_payloadpb.MethodUnaryRPCNoPayloadResponse), nil
}
