// MethodClientStreamingRPC implements the "MethodClientStreamingRPC" method in
// service_client_streaming_rpcpb.ServiceClientStreamingRPCServer interface.
func (s *Server) MethodClientStreamingRPC(stream service_client_streaming_rpcpb.ServiceClientStreamingRPC_MethodClientStreamingRPCServer) error {
	return loomgrpc.ServeStream(stream.Context(), loomgrpc.StreamServerSpec{
		Decode: func(ctx context.Context) (any, error) {
			_, err := s.MethodClientStreamingRPCH.Decode(ctx, nil)
			if err != nil {
				return nil, err
			}
			ep := &serviceclientstreamingrpc.MethodClientStreamingRPCEndpointInput{Stream: &MethodClientStreamingRPCServerStream{
				ctx:    ctx,
				stream: stream,
			}}
			return ep, nil
		},
		Handle:  s.MethodClientStreamingRPCH.Handle,
		Method:  "MethodClientStreamingRPC",
		Service: "ServiceClientStreamingRPC",
	})
}
