//
// ClientInterceptorService example client interceptors
//
// Command:
// loom

package interceptors

import (
	clientinterceptorservice "client_interceptor_service"
	"context"
	"fmt"
	"github.com/CaliLuke/loom/clue/log"
	loom "github.com/CaliLuke/loom/pkg"
)

// ClientInterceptorServiceClientInterceptors implements the client interceptors for the ClientInterceptorService service.
type ClientInterceptorServiceClientInterceptors struct{}

// NewClientInterceptorServiceClientInterceptors creates a new client interceptor for the ClientInterceptorService service.
func NewClientInterceptorServiceClientInterceptors() *ClientInterceptorServiceClientInterceptors {
	return &ClientInterceptorServiceClientInterceptors{}
}
func (i *ClientInterceptorServiceClientInterceptors) Test(ctx context.Context, info *interceptors.TestInfo, next loom.Endpoint) (any, error) {
	log.Printf(ctx, "[Test] Sending request: %v", info.RawPayload())
	resp, err := next(ctx, info.RawPayload())
	if err != nil {
		log.Printf(ctx, "[Test] Error: %v", err)
		return nil, err
	}
	log.Printf(ctx, "[Test] Received response: %v", resp)
	return resp, nil
}
