openapi: 3.2.0
info:
    title: Loom API
    version: 0.0.1
jsonSchemaDialect: https://spec.openapis.org/oas/3.1/dialect/base
servers:
    - name: test api
      url: http://localhost:80
      description: Default server for test api
paths:
    /:
        get:
            tags:
                - Errors
            summary: Error Errors
            operationId: errors.error
            responses:
                "204":
                    description: No Content response.
                "400":
                    description: 'bad_request: Bad Request response.'
                    content:
                        application/problem+json:
                            schema:
                                $ref: '#/components/schemas/Problem'
                "404":
                    description: 'not_found: Not Found response.'
                    content:
                        application/problem+json:
                            schema:
                                $ref: '#/components/schemas/Problem'
                "409":
                    description: 'custom: Conflict response.'
                    content:
                        application/vnd.loom.custom-error:
                            schema:
                                $ref: '#/components/schemas/LoomCustomError'
                            example:
                                message: error message
                                name: custom
components:
    schemas:
        LoomCustomError:
            type: object
            properties:
                message:
                    type: string
                    example: error message
                name:
                    type: string
                    example: custom
            example:
                message: error message
                name: custom
            required:
                - name
                - message
        Problem:
            type: object
            properties:
                code:
                    type: string
                    description: Code is the stable machine-readable problem code.
                    example: bad_request
                detail:
                    type: string
                    description: Detail is a human-readable explanation specific to this occurrence of the problem.
                    example: parameter 'p' must be an integer
                instance:
                    type: string
                    description: Instance identifies this specific occurrence of the problem.
                    example: urn:loom:error:123abc
                retry_hint:
                    type: string
                    description: Retry hint is concise guidance on how to correct the request or retry the operation.
                    example: Correct the payload and retry.
                status:
                    type: integer
                    description: Status is the HTTP status code generated for this occurrence of the problem.
                    example: 400
                    format: int64
                title:
                    type: string
                    description: Title is a short, human-readable summary of the problem type.
                    example: Bad Request
                type:
                    type: string
                    description: Type identifies the problem category using a URI reference.
                    example: https://github.com/CaliLuke/loom/problems/bad-request
            description: Problem response result type
            example:
                code: bad_request
                detail: parameter 'p' must be an integer
                instance: urn:loom:error:123abc
                retry_hint: Correct the payload and retry.
                status: 400
                title: Bad Request
                type: https://github.com/CaliLuke/loom/problems/bad-request
            required:
                - type
                - title
                - status
                - detail
                - instance
                - code
tags:
    - name: Errors
