openapi: 3.2.0
info:
    title: Loom API
    version: 0.0.1
jsonSchemaDialect: https://spec.openapis.org/oas/3.1/dialect/base
servers:
    - name: test api
      url: http://localhost:80
      description: Default server for test api
paths:
    /:
        get:
            tags:
                - testService
            summary: testEndpointDefault testService
            operationId: test_service.test_endpoint_default
            responses:
                "200":
                    description: OK response.
                    content:
                        application/json:
                            schema:
                                example:
                                    int: 1
                                $ref: '#/components/schemas/TestEndpointDefaultResponseBody'
                            example:
                                int: 1
            security: []
    /customized:
        get:
            tags:
                - testService
            summary: testEndpointCustomized testService
            operationId: test_service.test_endpoint_customized
            responses:
                "200":
                    description: OK response.
                    content:
                        application/json:
                            schema:
                                example:
                                    string: ""
                                $ref: '#/components/schemas/TestEndpointCustomizedResponseBodyTiny'
                            example:
                                string: ""
            security: []
    /overridden:
        get:
            tags:
                - testService
            summary: testEndpointOverridden testService
            operationId: test_service.test_endpoint_overridden
            responses:
                "200":
                    description: OK response.
                    content:
                        application/json:
                            schema:
                                example:
                                    int: 1
                                $ref: '#/components/schemas/TestEndpointOverriddenResponseBodyOverridden'
                            example:
                                int: 1
            security: []
    /tiny:
        get:
            tags:
                - testService
            summary: testEndpointTiny testService
            operationId: test_service.test_endpoint_tiny
            responses:
                "200":
                    description: OK response.
                    content:
                        application/json:
                            schema:
                                example: {}
                                $ref: '#/components/schemas/TestEndpointTinyResponseBodyTiny'
                            example: {}
            security: []
components:
    schemas:
        TestEndpointCustomizedResponseBodyTiny:
            type: object
            properties:
                string:
                    type: string
                    example: ""
            description: TestEndpointCustomizedResponseBody result type (tiny view)
            example:
                string: ""
            required:
                - string
        TestEndpointDefaultResponseBody:
            type: object
            properties:
                int:
                    type: integer
                    example: 1
                    format: int64
                string:
                    type: string
                    example: ""
            description: TestEndpointDefaultResponseBody result type (default view)
            example:
                int: 1
        TestEndpointOverriddenResponseBodyOverridden:
            type: object
            properties:
                int:
                    type: integer
                    example: 1
                    format: int64
                string:
                    type: string
                    example: ""
            description: TestEndpointOverriddenResponseBody result type (overridden view)
            example:
                int: 1
            required:
                - int
        TestEndpointTinyResponseBodyTiny:
            type: object
            properties:
                string:
                    type: string
                    example: ""
            description: TestEndpointTinyResponseBody result type (tiny view)
            example: {}
tags:
    - name: testService
