{
  "info": {
    "title": "Loom API",
    "version": "0.0.1"
  },
  "jsonSchemaDialect": "https://spec.openapis.org/oas/3.1/dialect/base",
  "openapi": "3.2.0",
  "paths": {
    "/ui/{filepath}": {
      "get": {
        "operationId": "front.ui_filepath",
        "parameters": [
          {
            "description": "Relative file path",
            "in": "path",
            "name": "filepath",
            "required": true,
            "schema": {
              "type": "string"
            }
          }
        ],
        "responses": {
          "200": {
            "description": "File downloaded"
          },
          "404": {
            "description": "File not found"
          }
        },
        "summary": "Download ui/dist",
        "tags": [
          "front"
        ]
      }
    }
  },
  "servers": [
    {
      "name": "test",
      "url": "http://localhost:80"
    }
  ],
  "tags": [
    {
      "name": "front"
    }
  ]
}
