openapi: 3.2.0
info:
    title: Loom API
    version: 0.0.1
jsonSchemaDialect: https://spec.openapis.org/oas/3.1/dialect/base
servers:
    - name: test api
      url: http://localhost:80
      description: Default server for test api
paths:
    /:
        post:
            tags:
                - test service
            summary: test endpoint test service
            operationId: test_service.test_endpoint
            parameters:
                - name: foo
                  in: header
                  schema:
                    type: integer
                    format: int64
                  example: 9212883845036105085
                - name: bar
                  in: header
                  schema:
                    type: integer
                    format: int64
                  example: 6607410459381866322
            responses:
                "204":
                    description: No Content response.
components: {}
tags:
    - name: test service
