openapi: 3.2.0
info:
    title: Loom API
    version: 0.0.1
jsonSchemaDialect: https://spec.openapis.org/oas/3.1/dialect/base
servers:
    - name: test
      url: https://loom.design
paths:
    /:
        post:
            tags:
                - testService
            summary: testEndpoint testService
            operationId: test_service.test_endpoint
            requestBody:
                required: true
                content:
                    application/json:
                        schema:
                            type: integer
                            example: 1
                            format: int64
                            minimum: 0
                            maximum: 42
                        example: 1
            responses:
                "200":
                    description: OK response.
                    content:
                        application/json:
                            schema:
                                type: integer
                                example: 1
                                format: int64
                                minimum: 0
                                maximum: 42
                            example: 1
components: {}
tags:
    - name: testService
