{
  "info": {
    "title": "Loom API",
    "version": "0.0.1"
  },
  "jsonSchemaDialect": "https://spec.openapis.org/oas/3.1/dialect/base",
  "openapi": "3.2.0",
  "paths": {
    "/path1": {
      "get": {
        "operationId": "service_name.path1",
        "responses": {
          "200": {
            "description": "File downloaded"
          }
        },
        "summary": "Download filename",
        "tags": [
          "service-name"
        ]
      }
    },
    "/path2": {
      "get": {
        "operationId": "service_name.path2",
        "responses": {
          "200": {
            "description": "File downloaded"
          }
        },
        "summary": "Download filename",
        "tags": [
          "user-tag"
        ]
      }
    }
  },
  "servers": [
    {
      "name": "test",
      "url": "https://loom.design"
    }
  ],
  "tags": [
    {
      "name": "service-name"
    }
  ]
}
