openapi: 3.1.1
info:
    title: Goa API
    version: 0.0.1
jsonSchemaDialect: https://json-schema.org/draft/2020-12/schema
servers:
    - url: https://goa.design
paths:
    /:
        get:
            tags:
                - testService
            summary: testEndpoint testService
            operationId: test_service.test_endpoint
            requestBody:
                $ref: '#/components/requestBodies/TestServiceTestEndpointRequestBody'
            responses:
                "200":
                    $ref: '#/components/responses/TestServiceTestEndpointStatus200Response'
        post:
            tags:
                - anotherTestService
            summary: testEndpoint anotherTestService
            operationId: another_test_service.test_endpoint
            requestBody:
                $ref: '#/components/requestBodies/TestServiceTestEndpointRequestBody'
            responses:
                "200":
                    $ref: '#/components/responses/TestServiceTestEndpointStatus200Response'
components:
    schemas:
        Payload:
            type: object
            properties:
                string:
                    type: string
                    example: ""
            example:
                string: ""
        Result:
            type: object
            properties:
                string:
                    type: string
                    example: ""
            example:
                string: ""
    requestBodies:
        TestServiceTestEndpointRequestBody:
            required: true
            content:
                application/json:
                    schema:
                        $ref: '#/components/schemas/Payload'
                    example:
                        string: ""
    responses:
        TestServiceTestEndpointStatus200Response:
            description: OK response.
            content:
                application/json:
                    schema:
                        $ref: '#/components/schemas/Result'
                    example:
                        string: ""
tags:
    - name: testService
    - name: anotherTestService
