{
  "components": {
    "requestBodies": {
      "DedupServiceUnionFirstRequestBody": {
        "content": {
          "application/json": {
            "example": {
              "type": "BetaSchemaDedup",
              "value": {
                "beta": "Dolores animi."
              }
            },
            "schema": {
              "discriminator": {
                "mapping": {
                  "AlphaSchemaDedup": "#/components/schemas/AlphaSchemaDedupOrBetaSchemaDedupAlphaSchemaDedupEnvelope",
                  "BetaSchemaDedup": "#/components/schemas/AlphaSchemaDedupOrBetaSchemaDedupBetaSchemaDedupEnvelope"
                },
                "propertyName": "type"
              },
              "example": {
                "type": "BetaSchemaDedup",
                "value": {
                  "beta": "Harum quos et aut repellat exercitationem."
                }
              },
              "oneOf": [
                {
                  "$ref": "#/components/schemas/AlphaSchemaDedupOrBetaSchemaDedupAlphaSchemaDedupEnvelope"
                },
                {
                  "$ref": "#/components/schemas/AlphaSchemaDedupOrBetaSchemaDedupBetaSchemaDedupEnvelope"
                }
              ],
              "type": "object"
            }
          }
        },
        "required": true
      }
    },
    "responses": {
      "NoContentResponse": {
        "description": "No Content response."
      }
    },
    "schemas": {
      "AlphaSchemaDedup": {
        "example": {
          "alpha": "Beatae qui totam temporibus quis qui accusantium."
        },
        "properties": {
          "alpha": {
            "example": "Est et non et ea.",
            "type": "string"
          }
        },
        "required": [
          "alpha"
        ],
        "type": "object"
      },
      "AlphaSchemaDedupOrBetaSchemaDedupAlphaSchemaDedupEnvelope": {
        "description": "Synthetic wrapper for union variant \"AlphaSchemaDedup\".",
        "properties": {
          "type": {
            "enum": [
              "AlphaSchemaDedup"
            ],
            "type": "string"
          },
          "value": {
            "$ref": "#/components/schemas/AlphaSchemaDedup"
          }
        },
        "required": [
          "type",
          "value"
        ],
        "type": "object"
      },
      "AlphaSchemaDedupOrBetaSchemaDedupBetaSchemaDedupEnvelope": {
        "description": "Synthetic wrapper for union variant \"BetaSchemaDedup\".",
        "properties": {
          "type": {
            "enum": [
              "BetaSchemaDedup"
            ],
            "type": "string"
          },
          "value": {
            "$ref": "#/components/schemas/BetaSchemaDedup"
          }
        },
        "required": [
          "type",
          "value"
        ],
        "type": "object"
      },
      "BetaSchemaDedup": {
        "example": {
          "beta": "Magni odio reiciendis aperiam sunt dignissimos quo."
        },
        "properties": {
          "beta": {
            "example": "Porro nihil natus exercitationem eaque nisi veritatis.",
            "type": "string"
          }
        },
        "required": [
          "beta"
        ],
        "type": "object"
      },
      "FirstRequestBody": {
        "example": {
          "name": "Occaecati dolores."
        },
        "properties": {
          "name": {
            "example": "Voluptas velit eaque sit praesentium ipsum.",
            "type": "string"
          }
        },
        "required": [
          "name"
        ],
        "type": "object"
      }
    }
  },
  "info": {
    "title": "Loom API",
    "version": "0.0.1"
  },
  "jsonSchemaDialect": "https://spec.openapis.org/oas/3.1/dialect/base",
  "openapi": "3.2.0",
  "paths": {
    "/first": {
      "post": {
        "operationId": "dedup_service.first",
        "requestBody": {
          "content": {
            "application/json": {
              "example": {
                "name": "Molestias sunt ut qui."
              },
              "schema": {
                "$ref": "#/components/schemas/FirstRequestBody"
              }
            }
          },
          "required": true
        },
        "responses": {
          "204": {
            "$ref": "#/components/responses/NoContentResponse"
          }
        },
        "summary": "first dedupService",
        "tags": [
          "dedupService"
        ]
      }
    },
    "/second": {
      "post": {
        "operationId": "dedup_service.second",
        "requestBody": {
          "content": {
            "application/json": {
              "example": {
                "name": "Ut repellendus saepe."
              },
              "schema": {
                "$ref": "#/components/schemas/FirstRequestBody"
              }
            }
          },
          "required": true
        },
        "responses": {
          "204": {
            "$ref": "#/components/responses/NoContentResponse"
          }
        },
        "summary": "second dedupService",
        "tags": [
          "dedupService"
        ]
      }
    },
    "/union/first": {
      "post": {
        "operationId": "dedup_service.union_first",
        "requestBody": {
          "$ref": "#/components/requestBodies/DedupServiceUnionFirstRequestBody"
        },
        "responses": {
          "204": {
            "$ref": "#/components/responses/NoContentResponse"
          }
        },
        "summary": "union_first dedupService",
        "tags": [
          "dedupService"
        ]
      }
    },
    "/union/second": {
      "post": {
        "operationId": "dedup_service.union_second",
        "requestBody": {
          "$ref": "#/components/requestBodies/DedupServiceUnionFirstRequestBody"
        },
        "responses": {
          "204": {
            "$ref": "#/components/responses/NoContentResponse"
          }
        },
        "summary": "union_second dedupService",
        "tags": [
          "dedupService"
        ]
      }
    }
  },
  "servers": [
    {
      "description": "Default server for test api",
      "name": "test api",
      "url": "http://localhost:80"
    }
  ],
  "tags": [
    {
      "name": "dedupService"
    }
  ]
}
