openapi: 3.1.1
info:
    title: Loom API
    version: 0.0.1
jsonSchemaDialect: https://json-schema.org/draft/2020-12/schema
servers:
    - url: http://localhost:80
      description: Default server for test api
paths:
    /:
        get:
            tags:
                - testService
            summary: testEndpointA testService
            operationId: test_service.test_endpoint_a
            responses:
                "204":
                    $ref: '#/components/responses/NoContentResponse'
            security:
                - api_key_query_k: []
                  basic_header_Authorization: []
                  jwt_header_X-Authorization:
                    - api:read
                  oauth2_header_Token:
                    - api:read
        post:
            tags:
                - testService
            summary: testEndpointB testService
            operationId: test_service.test_endpoint_b
            responses:
                "204":
                    $ref: '#/components/responses/NoContentResponse'
            security:
                - api_key_header_Authorization: []
                - oauth2_query_auth:
                    - api:read
                    - api:write
components:
    responses:
        NoContentResponse:
            description: No Content response.
    securitySchemes:
        api_key_header_Authorization:
            type: apiKey
            description: Secures endpoint by requiring an API key.
            name: Authorization
            in: header
        api_key_query_k:
            type: apiKey
            description: Secures endpoint by requiring an API key.
            name: k
            in: query
        basic_header_Authorization:
            type: http
            description: Basic authentication used to authenticate security principal during signin
            scheme: basic
        jwt_header_X-Authorization:
            type: http
            description: Secures endpoint by requiring a valid JWT token retrieved via the signin endpoint. Supports scopes "api:read" and "api:write".
            scheme: bearer
        oauth2_header_Token:
            type: oauth2
            description: Secures endpoint by requiring a valid OAuth2 token retrieved via the signin endpoint. Supports scopes "api:read" and "api:write".
            flows:
                authorizationCode:
                    authorizationUrl: http://loom.design/authorization
                    tokenUrl: http://loom.design/token
                    refreshUrl: http://loom.design/refresh
                    scopes:
                        api:read: Read-only access
                        api:write: Read and write access
        oauth2_query_auth:
            type: oauth2
            description: Secures endpoint by requiring a valid OAuth2 token retrieved via the signin endpoint. Supports scopes "api:read" and "api:write".
            flows:
                authorizationCode:
                    authorizationUrl: http://loom.design/authorization
                    tokenUrl: http://loom.design/token
                    refreshUrl: http://loom.design/refresh
                    scopes:
                        api:read: Read-only access
                        api:write: Read and write access
tags:
    - name: testService
