openapi: 3.1.1
info:
    title: Goa API
    version: 0.0.1
jsonSchemaDialect: https://json-schema.org/draft/2020-12/schema
servers:
    - url: http://localhost:80
      description: Default server for test api
paths:
    /binary:
        get:
            tags:
                - testService
            summary: binary testService
            operationId: test_service.binary
            responses:
                "200":
                    description: OK response.
                    content:
                        image/png:
                            schema:
                                type: string
                                format: binary
    /empty:
        get:
            tags:
                - testService
            summary: empty testService
            operationId: test_service.empty
            responses:
                "204":
                    description: No Content response.
    /empty/ok:
        get:
            tags:
                - testService
            summary: empty_ok testService
            operationId: test_service.empty_ok
            responses:
                "200":
                    description: OK response.
    /html:
        get:
            tags:
                - testService
            summary: html testService
            operationId: test_service.html
            responses:
                "200":
                    description: OK response.
                    content:
                        text/html:
                            schema:
                                type: string
                                example: Quia molestias.
                            example: Doloribus qui quia.
components: {}
tags:
    - name: testService
