{
  "components": {
    "schemas": {
      "Bar": {
        "example": {
          "string": ""
        },
        "properties": {
          "string": {
            "example": "",
            "type": "string"
          }
        },
        "type": "object"
      },
      "LoomFoobar": {
        "example": {
          "bar": [
            {
              "string": ""
            },
            {
              "string": ""
            }
          ],
          "foo": ""
        },
        "properties": {
          "bar": {
            "example": [
              {
                "string": ""
              },
              {
                "string": ""
              },
              {
                "string": ""
              },
              {
                "string": ""
              }
            ],
            "items": {
              "$ref": "#/components/schemas/Bar"
            },
            "type": "array"
          },
          "foo": {
            "example": "",
            "type": "string"
          }
        },
        "type": "object"
      }
    }
  },
  "info": {
    "title": "Loom API",
    "version": "0.0.1"
  },
  "jsonSchemaDialect": "https://spec.openapis.org/oas/3.1/dialect/base",
  "openapi": "3.2.0",
  "paths": {
    "/": {
      "post": {
        "operationId": "test_service.test_endpoint",
        "requestBody": {
          "content": {
            "application/json": {
              "example": {
                "string": ""
              },
              "schema": {
                "$ref": "#/components/schemas/Bar"
              }
            }
          },
          "required": true
        },
        "responses": {
          "200": {
            "content": {
              "application/json": {
                "example": {
                  "bar": [
                    {
                      "string": ""
                    },
                    {
                      "string": ""
                    }
                  ],
                  "foo": ""
                },
                "schema": {
                  "$ref": "#/components/schemas/LoomFoobar"
                }
              }
            },
            "description": "OK response."
          },
          "404": {
            "content": {
              "application/json": {
                "example": {
                  "bar": [
                    {
                      "string": ""
                    },
                    {
                      "string": ""
                    },
                    {
                      "string": ""
                    },
                    {
                      "string": ""
                    }
                  ],
                  "foo": ""
                },
                "schema": {
                  "$ref": "#/components/schemas/LoomFoobar"
                }
              }
            },
            "description": "Not Found response."
          }
        },
        "summary": "test endpoint test service",
        "tags": [
          "test service"
        ]
      }
    }
  },
  "servers": [
    {
      "description": "Default server for test api",
      "name": "test api",
      "url": "http://localhost:80"
    }
  ],
  "tags": [
    {
      "name": "test service"
    }
  ]
}
